{"suites":{"passed":0,"total":1},"tests":{"passed":1,"total":2},"asserts":{"passed":0,"total":2},"details":[{"suite":"add1","test":"add1_1_ne_3","location":"simple-json.c:17","message":"result == 3"},{"suite":"add1","test":"add1_1_ne_3","location":"example/simple-json.c:18","message":"result != 2"}]}
